// Jest Snapshot v1, https://goo.gl/fbAQLP

exports[`mapStateToProps should return an Object that match the following structure 1`] = `
Object {
  "bestScore": Any<Number>,
  "hardMode": Any<Boolean>,
  "maxBlock": Any<Number>,
  "rollback": Any<Number>,
  "score": Any<Number>,
  "status": Any<String>,
  "wall": Any<Array>,
  "welcomeWall": Any<Array>,
}
`;
