// Jest Snapshot v1, https://goo.gl/fbAQLP

exports[`renders without crashing 1`] = `
<Unknown
  shortcuts={
    Array [
      Object {
        "action": [Function],
        "shortcut": "arrow-down",
      },
      Object {
        "action": [Function],
        "shortcut": "arrow-left",
      },
      Object {
        "action": [Function],
        "shortcut": "arrow-right",
      },
      Object {
        "action": [Function],
        "shortcut": "arrow-up",
      },
    ]
  }
>
  <div
    className="App"
  >
    <Connect(Sidebar) />
    <main
      className="main"
    >
      <Connect(Component) />
    </main>
  </div>
</Unknown>
`;
